// Jest Snapshot v1, https://goo.gl/fbAQLP

exports[`BlurTabBarBackground renders the BlurView with correct props 1`] = `
<BlurView
  intensity={100}
  style={
    {
      "bottom": 0,
      "left": 0,
      "position": "absolute",
      "right": 0,
      "top": 0,
    }
  }
  tint="systemChromeMaterial"
/>
`;
